============================================================
Bắt đầu huấn luyện MFVLR trên Slurm Job: 72579
GPU Device: 2
Thư mục làm việc: /home/cndt_khanhnd/data/noname/MFVLR
Thời gian bắt đầu: Thu Sep 17 10:31:00 PM +07 2026
============================================================
[2026-09-17 22:31:09] [MFVLR_Train] [INFO] Using device: cuda
[2026-09-17 22:31:09] [MFVLR_Train] [INFO] Train dataset size: 28800, Val dataset size: 10000
[2026-09-17 22:31:12] [MFVLR_Train] [INFO] Automatic Mixed Precision (AMP FP16) ENABLED.
[2026-09-17 22:31:12] [MFVLR_Train] [INFO] Starting training for 30 epochs (from epoch 0)...
[2026-09-17 22:31:12] [MFVLR_Train] [INFO] --- Epoch 1/30 (LR: 1.000000e-04) ---
[2026-09-17 22:41:37] [MFVLR_Train] [INFO] Epoch 1 Train Losses: {'total_loss': 26.802274712456597, 'loss_fd': 0.7428502334488762, 'loss_lr': 42.244892823961045, 'loss_cmc': 17.02780854596032, 'loss_fl': 0.7220039502779643, 'loss_ar': 0.14410203156371912, 'loss_kl': 0.2476157094628757, 'acc': 50.208333333333336, 'ap': 51.36012758002949}
[2026-09-17 22:43:42] [MFVLR_Train] [INFO] Epoch 1 Val Metrics: {'acc': 82.0, 'auc': 55.639417344173445, 'miou': 19.106380324958305, 'iou_class_0': 17.477141880068444, 'iou_class_1': 20.73561876984817}
[2026-09-17 22:43:53] [MFVLR_Train] [INFO] --- Epoch 2/30 (LR: 1.000000e-04) ---
[2026-09-17 22:54:21] [MFVLR_Train] [INFO] Epoch 2 Train Losses: {'total_loss': 15.512719772126939, 'loss_fd': 0.7174761284722222, 'loss_lr': 42.07211676703559, 'loss_cmc': 6.128394105699328, 'loss_fl': 0.7210904637972514, 'loss_ar': 0.14541775333384674, 'loss_kl': 0.002134534482223292, 'acc': 50.0, 'ap': 51.30851010986661}
[2026-09-17 22:56:53] [MFVLR_Train] [INFO] Epoch 2 Val Metrics: {'acc': 82.0, 'auc': 55.639417344173445, 'miou': 19.106380324958305, 'iou_class_0': 17.477141880068444, 'iou_class_1': 20.73561876984817}
[2026-09-17 22:56:59] [MFVLR_Train] [INFO] --- Epoch 3/30 (LR: 1.000000e-04) ---
[2026-09-17 23:07:22] [MFVLR_Train] [INFO] Epoch 3 Train Losses: {'total_loss': 15.537201073964438, 'loss_fd': 0.7174761284722222, 'loss_lr': 42.07211678822835, 'loss_cmc': 6.152875369389852, 'loss_fl': 0.7210904702875349, 'loss_ar': 0.14541775306065877, 'loss_kl': 0.0021345344848102995, 'acc': 50.0, 'ap': 51.30851010986661}
[2026-09-17 23:09:58] [MFVLR_Train] [INFO] Epoch 3 Val Metrics: {'acc': 82.0, 'auc': 55.639417344173445, 'miou': 19.106380324958305, 'iou_class_0': 17.477141880068444, 'iou_class_1': 20.73561876984817}
[2026-09-17 23:10:03] [MFVLR_Train] [INFO] --- Epoch 4/30 (LR: 1.000000e-04) ---
[2026-09-17 23:20:22] [MFVLR_Train] [INFO] Epoch 4 Train Losses: {'total_loss': 15.532202763027614, 'loss_fd': 0.7174761284722222, 'loss_lr': 42.07211679246691, 'loss_cmc': 6.147877065340678, 'loss_fl': 0.7210904688305325, 'loss_ar': 0.14541775295303927, 'loss_kl': 0.002134534478860183, 'acc': 50.0, 'ap': 51.30851010986661}
[2026-09-17 23:22:58] [MFVLR_Train] [INFO] Epoch 4 Val Metrics: {'acc': 82.0, 'auc': 55.639417344173445, 'miou': 19.106380324958305, 'iou_class_0': 17.477141880068444, 'iou_class_1': 20.73561876984817}
[2026-09-17 23:23:04] [MFVLR_Train] [INFO] --- Epoch 5/30 (LR: 1.000000e-04) ---
[2026-09-17 23:33:26] [MFVLR_Train] [INFO] Epoch 5 Train Losses: {'total_loss': 15.52105599615309, 'loss_fd': 0.7174761284722222, 'loss_lr': 42.07211688571506, 'loss_cmc': 6.136730306413439, 'loss_fl': 0.7210904670423931, 'loss_ar': 0.14541775348285835, 'loss_kl': 0.0021345344835167956, 'acc': 50.0, 'ap': 51.30851010986661}
[2026-09-17 23:35:37] [MFVLR_Train] [INFO] Epoch 5 Val Metrics: {'acc': 82.0, 'auc': 55.639417344173445, 'miou': 19.106380324958305, 'iou_class_0': 17.477141880068444, 'iou_class_1': 20.73561876984817}
[2026-09-17 23:35:42] [MFVLR_Train] [INFO] --- Epoch 6/30 (LR: 1.000000e-04) ---
[2026-09-17 23:46:16] [MFVLR_Train] [INFO] Epoch 6 Train Losses: {'total_loss': 15.533139822218153, 'loss_fd': 0.7174761284722222, 'loss_lr': 42.07211671617296, 'loss_cmc': 6.14881411711375, 'loss_fl': 0.7210904639959336, 'loss_ar': 0.1454177532510625, 'loss_kl': 0.002134534482223292, 'acc': 50.0, 'ap': 51.30851010986661}
[2026-09-17 23:47:45] [MFVLR_Train] [INFO] Epoch 6 Val Metrics: {'acc': 82.0, 'auc': 55.639417344173445, 'miou': 19.106380324958305, 'iou_class_0': 17.477141880068444, 'iou_class_1': 20.73561876984817}
[2026-09-17 23:47:50] [MFVLR_Train] [INFO] --- Epoch 7/30 (LR: 1.000000e-04) ---
[2026-09-17 23:58:08] [MFVLR_Train] [INFO] Epoch 7 Train Losses: {'total_loss': 15.508667669296266, 'loss_fd': 0.7174761284722222, 'loss_lr': 42.07211686876085, 'loss_cmc': 6.124341937700907, 'loss_fl': 0.7210904651880264, 'loss_ar': 0.1454177529613177, 'loss_kl': 0.00213453448144719, 'acc': 50.0, 'ap': 51.30851010986661}
[2026-09-17 23:59:32] [MFVLR_Train] [INFO] Epoch 7 Val Metrics: {'acc': 82.0, 'auc': 55.639417344173445, 'miou': 19.106380324958305, 'iou_class_0': 17.477141880068444, 'iou_class_1': 20.73561876984817}
[2026-09-17 23:59:38] [MFVLR_Train] [INFO] --- Epoch 8/30 (LR: 1.000000e-04) ---
[2026-09-18 00:10:08] [MFVLR_Train] [INFO] Epoch 8 Train Losses: {'total_loss': 15.525934005313449, 'loss_fd': 0.7174761284722222, 'loss_lr': 42.072116724650066, 'loss_cmc': 6.141608313454522, 'loss_fl': 0.7210904704862171, 'loss_ar': 0.14541775301926665, 'loss_kl': 0.0021345344786014822, 'acc': 50.0, 'ap': 51.30851010986661}
[2026-09-18 00:11:30] [MFVLR_Train] [INFO] Epoch 8 Val Metrics: {'acc': 82.0, 'auc': 55.639417344173445, 'miou': 19.106380324958305, 'iou_class_0': 17.477141880068444, 'iou_class_1': 20.73561876984817}
[2026-09-18 00:11:35] [MFVLR_Train] [INFO] --- Epoch 9/30 (LR: 1.000000e-04) ---
[2026-09-18 00:21:59] [MFVLR_Train] [INFO] Epoch 9 Train Losses: {'total_loss': 15.524356405470106, 'loss_fd': 0.7174761284722222, 'loss_lr': 42.07211680518256, 'loss_cmc': 6.140030707783169, 'loss_fl': 0.721090465452936, 'loss_ar': 0.1454177527791924, 'loss_kl': 0.00213453447420357, 'acc': 50.0, 'ap': 51.30851010986661}
[2026-09-18 00:23:24] [MFVLR_Train] [INFO] Epoch 9 Val Metrics: {'acc': 82.0, 'auc': 55.639417344173445, 'miou': 19.106380324958305, 'iou_class_0': 17.477141880068444, 'iou_class_1': 20.73561876984817}
[2026-09-18 00:23:30] [MFVLR_Train] [INFO] --- Epoch 10/30 (LR: 1.000000e-04) ---
[2026-09-18 00:33:44] [MFVLR_Train] [INFO] Epoch 10 Train Losses: {'total_loss': 15.51976247575548, 'loss_fd': 0.7174761284722222, 'loss_lr': 42.072116673787434, 'loss_cmc': 6.135436804559496, 'loss_fl': 0.7210904687643052, 'loss_ar': 0.14541775282886293, 'loss_kl': 0.002134534486103803, 'acc': 50.0, 'ap': 51.30851010986661}
[2026-09-18 00:35:05] [MFVLR_Train] [INFO] Epoch 10 Val Metrics: {'acc': 82.0, 'auc': 55.639417344173445, 'miou': 19.106380324958305, 'iou_class_0': 17.477141880068444, 'iou_class_1': 20.73561876984817}
[2026-09-18 00:35:12] [MFVLR_Train] [INFO] --- Epoch 11/30 (LR: 1.000000e-04) ---
[2026-09-18 00:45:33] [MFVLR_Train] [INFO] Epoch 11 Train Losses: {'total_loss': 15.53535715421041, 'loss_fd': 0.7174761284722222, 'loss_lr': 42.07211674584283, 'loss_cmc': 6.151031449635823, 'loss_fl': 0.7210904690292147, 'loss_ar': 0.14541775338351726, 'loss_kl': 0.002134534490243014, 'acc': 50.0, 'ap': 51.30851010986661}
[2026-09-18 00:46:57] [MFVLR_Train] [INFO] Epoch 11 Val Metrics: {'acc': 82.0, 'auc': 55.639417344173445, 'miou': 19.106380324958305, 'iou_class_0': 17.477141880068444, 'iou_class_1': 20.73561876984817}
[2026-09-18 00:47:03] [MFVLR_Train] [INFO] --- Epoch 12/30 (LR: 1.000000e-04) ---
[2026-09-18 00:57:12] [MFVLR_Train] [INFO] Epoch 12 Train Losses: {'total_loss': 15.535526266098023, 'loss_fd': 0.7174761284722222, 'loss_lr': 42.07211677975125, 'loss_cmc': 6.151200582186381, 'loss_fl': 0.7210904652542538, 'loss_ar': 0.14541775301926665, 'loss_kl': 0.002134534482223292, 'acc': 50.0, 'ap': 51.30851010986661}
[2026-09-18 00:58:39] [MFVLR_Train] [INFO] Epoch 12 Val Metrics: {'acc': 82.0, 'auc': 55.639417344173445, 'miou': 19.106380324958305, 'iou_class_0': 17.477141880068444, 'iou_class_1': 20.73561876984817}
[2026-09-18 00:58:44] [MFVLR_Train] [INFO] --- Epoch 13/30 (LR: 1.000000e-04) ---
[2026-09-18 01:09:02] [MFVLR_Train] [INFO] Epoch 13 Train Losses: {'total_loss': 15.52427757581075, 'loss_fd': 0.7174761284722222, 'loss_lr': 42.072116724650066, 'loss_cmc': 6.139951949119568, 'loss_fl': 0.7210904661814371, 'loss_ar': 0.14541775346630148, 'loss_kl': 0.002134534467736052, 'acc': 50.0, 'ap': 51.30851010986661}
[2026-09-18 01:10:25] [MFVLR_Train] [INFO] Epoch 13 Val Metrics: {'acc': 82.0, 'auc': 55.639417344173445, 'miou': 19.106380324958305, 'iou_class_0': 17.477141880068444, 'iou_class_1': 20.73561876984817}
[2026-09-18 01:10:31] [MFVLR_Train] [INFO] --- Epoch 14/30 (LR: 1.000000e-04) ---
[2026-09-18 01:21:10] [MFVLR_Train] [INFO] Epoch 14 Train Losses: {'total_loss': 15.529623883565266, 'loss_fd': 0.7174761284722222, 'loss_lr': 42.072116661071775, 'loss_cmc': 6.145298215018379, 'loss_fl': 0.7210904646582074, 'loss_ar': 0.14541775284541977, 'loss_kl': 0.002134534486103803, 'acc': 50.0, 'ap': 51.30851010986661}
[2026-09-18 01:22:35] [MFVLR_Train] [INFO] Epoch 14 Val Metrics: {'acc': 82.0, 'auc': 55.639417344173445, 'miou': 19.106380324958305, 'iou_class_0': 17.477141880068444, 'iou_class_1': 20.73561876984817}
[2026-09-18 01:22:41] [MFVLR_Train] [INFO] --- Epoch 15/30 (LR: 1.000000e-04) ---
[2026-09-18 01:32:55] [MFVLR_Train] [INFO] Epoch 15 Train Losses: {'total_loss': 15.53189007335239, 'loss_fd': 0.7174761284722222, 'loss_lr': 42.07211652119955, 'loss_cmc': 6.14756440533532, 'loss_fl': 0.7210904657178455, 'loss_ar': 0.14541775342490937, 'loss_kl': 0.002134534481705891, 'acc': 50.0, 'ap': 51.30851010986661}
[2026-09-18 01:34:24] [MFVLR_Train] [INFO] Epoch 15 Val Metrics: {'acc': 82.0, 'auc': 55.639417344173445, 'miou': 19.106380324958305, 'iou_class_0': 17.477141880068444, 'iou_class_1': 20.73561876984817}
[2026-09-18 01:34:30] [MFVLR_Train] [INFO] --- Epoch 16/30 (LR: 1.000000e-05) ---
[2026-09-18 01:45:02] [MFVLR_Train] [INFO] Epoch 16 Train Losses: {'total_loss': 15.523235781987507, 'loss_fd': 0.7174761284722222, 'loss_lr': 42.07211677975125, 'loss_cmc': 6.138910094367133, 'loss_fl': 0.7210904676384396, 'loss_ar': 0.14541775323450565, 'loss_kl': 0.0021345344835167956, 'acc': 50.0, 'ap': 51.30851010986661}
[2026-09-18 01:46:24] [MFVLR_Train] [INFO] Epoch 16 Val Metrics: {'acc': 82.0, 'auc': 55.639417344173445, 'miou': 19.106380324958305, 'iou_class_0': 17.477141880068444, 'iou_class_1': 20.73561876984817}
[2026-09-18 01:46:30] [MFVLR_Train] [INFO] --- Epoch 17/30 (LR: 1.000000e-05) ---
[2026-09-18 01:56:52] [MFVLR_Train] [INFO] Epoch 17 Train Losses: {'total_loss': 15.533521769841512, 'loss_fd': 0.7174761284722222, 'loss_lr': 42.07211680094401, 'loss_cmc': 6.149196059438918, 'loss_fl': 0.7210904659827551, 'loss_ar': 0.14541775320967038, 'loss_kl': 0.0021345344863625037, 'acc': 50.0, 'ap': 51.30851010986661}
[2026-09-18 01:58:21] [MFVLR_Train] [INFO] Epoch 17 Val Metrics: {'acc': 82.0, 'auc': 55.639417344173445, 'miou': 19.106380324958305, 'iou_class_0': 17.477141880068444, 'iou_class_1': 20.73561876984817}
[2026-09-18 01:58:26] [MFVLR_Train] [INFO] --- Epoch 18/30 (LR: 1.000000e-05) ---
[2026-09-18 02:08:55] [MFVLR_Train] [INFO] Epoch 18 Train Losses: {'total_loss': 15.54393755806817, 'loss_fd': 0.7174761284722222, 'loss_lr': 42.072116661071775, 'loss_cmc': 6.159611909124586, 'loss_fl': 0.7210904686980777, 'loss_ar': 0.1454177532510625, 'loss_kl': 0.0021345344819645915, 'acc': 50.0, 'ap': 51.30851010986661}
[2026-09-18 02:10:17] [MFVLR_Train] [INFO] Epoch 18 Val Metrics: {'acc': 82.0, 'auc': 55.639417344173445, 'miou': 19.106380324958305, 'iou_class_0': 17.477141880068444, 'iou_class_1': 20.73561876984817}
[2026-09-18 02:10:22] [MFVLR_Train] [INFO] --- Epoch 19/30 (LR: 1.000000e-05) ---
[2026-09-18 02:20:42] [MFVLR_Train] [INFO] Epoch 19 Train Losses: {'total_loss': 15.53007866329617, 'loss_fd': 0.7174761284722222, 'loss_lr': 42.072116911146374, 'loss_cmc': 6.145752949184842, 'loss_fl': 0.7210904690292147, 'loss_ar': 0.1454177528205845, 'loss_kl': 0.0021345344770492777, 'acc': 50.0, 'ap': 51.30851010986661}
[2026-09-18 02:22:08] [MFVLR_Train] [INFO] Epoch 19 Val Metrics: {'acc': 82.0, 'auc': 55.639417344173445, 'miou': 19.106380324958305, 'iou_class_0': 17.477141880068444, 'iou_class_1': 20.73561876984817}
[2026-09-18 02:22:13] [MFVLR_Train] [INFO] --- Epoch 20/30 (LR: 1.000000e-05) ---
[2026-09-18 02:32:16] [MFVLR_Train] [INFO] Epoch 20 Train Losses: {'total_loss': 15.51892252498203, 'loss_fd': 0.7174761284722222, 'loss_lr': 42.07211679670546, 'loss_cmc': 6.134596811930338, 'loss_fl': 0.7210904651880264, 'loss_ar': 0.14541775308549404, 'loss_kl': 0.002134534478860183, 'acc': 50.0, 'ap': 51.30851010986661}
[2026-09-18 02:33:38] [MFVLR_Train] [INFO] Epoch 20 Val Metrics: {'acc': 82.0, 'auc': 55.639417344173445, 'miou': 19.106380324958305, 'iou_class_0': 17.477141880068444, 'iou_class_1': 20.73561876984817}
[2026-09-18 02:33:44] [MFVLR_Train] [INFO] --- Epoch 21/30 (LR: 1.000000e-05) ---
[2026-09-18 02:43:44] [MFVLR_Train] [INFO] Epoch 21 Train Losses: {'total_loss': 15.519911864598592, 'loss_fd': 0.7174761284722222, 'loss_lr': 42.072116728888616, 'loss_cmc': 6.135586142010159, 'loss_fl': 0.7210904680358039, 'loss_ar': 0.14541775382227368, 'loss_kl': 0.0021345344894669123, 'acc': 50.0, 'ap': 51.30851010986661}
[2026-09-18 02:45:11] [MFVLR_Train] [INFO] Epoch 21 Val Metrics: {'acc': 82.0, 'auc': 55.639417344173445, 'miou': 19.106380324958305, 'iou_class_0': 17.477141880068444, 'iou_class_1': 20.73561876984817}
[2026-09-18 02:45:16] [MFVLR_Train] [INFO] --- Epoch 22/30 (LR: 1.000000e-05) ---
[2026-09-18 02:55:07] [MFVLR_Train] [INFO] Epoch 22 Train Losses: {'total_loss': 15.525520795186361, 'loss_fd': 0.7174761284722222, 'loss_lr': 42.07211689843072, 'loss_cmc': 6.141195124520196, 'loss_fl': 0.7210904649231169, 'loss_ar': 0.14541775335040358, 'loss_kl': 0.0021345344793775845, 'acc': 50.0, 'ap': 51.30851010986661}
[2026-09-18 02:56:33] [MFVLR_Train] [INFO] Epoch 22 Val Metrics: {'acc': 82.0, 'auc': 55.639417344173445, 'miou': 19.106380324958305, 'iou_class_0': 17.477141880068444, 'iou_class_1': 20.73561876984817}
[2026-09-18 02:56:38] [MFVLR_Train] [INFO] --- Epoch 23/30 (LR: 1.000000e-05) ---
[2026-09-18 03:06:56] [MFVLR_Train] [INFO] Epoch 23 Train Losses: {'total_loss': 15.528544749153985, 'loss_fd': 0.7174761284722222, 'loss_lr': 42.07211680518256, 'loss_cmc': 6.144219048817953, 'loss_fl': 0.7210904702875349, 'loss_ar': 0.1454177533917957, 'loss_kl': 0.002134534468770855, 'acc': 50.0, 'ap': 51.30851010986661}
[2026-09-18 03:08:11] [MFVLR_Train] [INFO] Epoch 23 Val Metrics: {'acc': 82.0, 'auc': 55.639417344173445, 'miou': 19.106380324958305, 'iou_class_0': 17.477141880068444, 'iou_class_1': 20.73561876984817}
[2026-09-18 03:08:16] [MFVLR_Train] [INFO] --- Epoch 24/30 (LR: 1.000000e-05) ---
[2026-09-18 03:18:09] [MFVLR_Train] [INFO] Epoch 24 Train Losses: {'total_loss': 15.5375072617001, 'loss_fd': 0.7174761284722222, 'loss_lr': 42.07211674584283, 'loss_cmc': 6.153181613816155, 'loss_fl': 0.7210904659827551, 'loss_ar': 0.14541775356564257, 'loss_kl': 0.0021345344793775845, 'acc': 50.0, 'ap': 51.30851010986661}
[2026-09-18 03:19:31] [MFVLR_Train] [INFO] Epoch 24 Val Metrics: {'acc': 82.0, 'auc': 55.639417344173445, 'miou': 19.106380324958305, 'iou_class_0': 17.477141880068444, 'iou_class_1': 20.73561876984817}
[2026-09-18 03:19:36] [MFVLR_Train] [INFO] --- Epoch 25/30 (LR: 1.000000e-05) ---
[2026-09-18 03:29:54] [MFVLR_Train] [INFO] Epoch 25 Train Losses: {'total_loss': 15.527476489808825, 'loss_fd': 0.7174761284722222, 'loss_lr': 42.07211690690782, 'loss_cmc': 6.14315079583062, 'loss_fl': 0.721090468565623, 'loss_ar': 0.1454177537229326, 'loss_kl': 0.0021345344736861684, 'acc': 50.0, 'ap': 51.30851010986661}
[2026-09-18 03:31:14] [MFVLR_Train] [INFO] Epoch 25 Val Metrics: {'acc': 82.0, 'auc': 55.639417344173445, 'miou': 19.106380324958305, 'iou_class_0': 17.477141880068444, 'iou_class_1': 20.73561876984817}
[2026-09-18 03:31:20] [MFVLR_Train] [INFO] --- Epoch 26/30 (LR: 1.000000e-05) ---
[2026-09-18 03:41:30] [MFVLR_Train] [INFO] Epoch 26 Train Losses: {'total_loss': 15.52504987610711, 'loss_fd': 0.7174761284722222, 'loss_lr': 42.0721167839898, 'loss_cmc': 6.14072418530782, 'loss_fl': 0.7210904646582074, 'loss_ar': 0.14541775282886293, 'loss_kl': 0.0021345344894669123, 'acc': 50.0, 'ap': 51.30851010986661}
[2026-09-18 03:42:58] [MFVLR_Train] [INFO] Epoch 26 Val Metrics: {'acc': 82.0, 'auc': 55.639417344173445, 'miou': 19.106380324958305, 'iou_class_0': 17.477141880068444, 'iou_class_1': 20.73561876984817}
[2026-09-18 03:43:03] [MFVLR_Train] [INFO] --- Epoch 27/30 (LR: 1.000000e-05) ---
[2026-09-18 03:53:38] [MFVLR_Train] [INFO] Epoch 27 Train Losses: {'total_loss': 15.531626391940646, 'loss_fd': 0.7174761284722222, 'loss_lr': 42.07211660597059, 'loss_cmc': 6.14730074511634, 'loss_fl': 0.7210904648568895, 'loss_ar': 0.14541775326761935, 'loss_kl': 0.0021345344866212043, 'acc': 50.0, 'ap': 51.30851010986661}
[2026-09-18 03:54:57] [MFVLR_Train] [INFO] Epoch 27 Val Metrics: {'acc': 82.0, 'auc': 55.639417344173445, 'miou': 19.106380324958305, 'iou_class_0': 17.477141880068444, 'iou_class_1': 20.73561876984817}
[2026-09-18 03:55:02] [MFVLR_Train] [INFO] --- Epoch 28/30 (LR: 1.000000e-05) ---
[2026-09-18 04:05:24] [MFVLR_Train] [INFO] Epoch 28 Train Losses: {'total_loss': 15.532023436228434, 'loss_fd': 0.7174761284722222, 'loss_lr': 42.07211686876085, 'loss_cmc': 6.1476977470186025, 'loss_fl': 0.7210904673073026, 'loss_ar': 0.14541775305238036, 'loss_kl': 0.002134534475238373, 'acc': 50.0, 'ap': 51.30851010986661}
[2026-09-18 04:06:47] [MFVLR_Train] [INFO] Epoch 28 Val Metrics: {'acc': 82.0, 'auc': 55.639417344173445, 'miou': 19.106380324958305, 'iou_class_0': 17.477141880068444, 'iou_class_1': 20.73561876984817}
[2026-09-18 04:06:53] [MFVLR_Train] [INFO] --- Epoch 29/30 (LR: 1.000000e-05) ---
[2026-09-18 04:17:12] [MFVLR_Train] [INFO] Epoch 29 Train Losses: {'total_loss': 15.527374430762396, 'loss_fd': 0.7174761284722222, 'loss_lr': 42.072116720411515, 'loss_cmc': 6.143048705524868, 'loss_fl': 0.7210904684331682, 'loss_ar': 0.14541775320139197, 'loss_kl': 0.0021345344948996274, 'acc': 50.0, 'ap': 51.30851010986661}
[2026-09-18 04:18:38] [MFVLR_Train] [INFO] Epoch 29 Val Metrics: {'acc': 82.0, 'auc': 55.639417344173445, 'miou': 19.106380324958305, 'iou_class_0': 17.477141880068444, 'iou_class_1': 20.73561876984817}
[2026-09-18 04:18:43] [MFVLR_Train] [INFO] --- Epoch 30/30 (LR: 1.000000e-05) ---
[2026-09-18 04:28:59] [MFVLR_Train] [INFO] Epoch 30 Train Losses: {'total_loss': 15.517324135038589, 'loss_fd': 0.7174761284722222, 'loss_lr': 42.07211684332954, 'loss_cmc': 6.132998451126946, 'loss_fl': 0.7210904653867086, 'loss_ar': 0.14541775305238036, 'loss_kl': 0.0021345344829993944, 'acc': 50.0, 'ap': 51.30851010986661}
[2026-09-18 04:30:22] [MFVLR_Train] [INFO] Epoch 30 Val Metrics: {'acc': 82.0, 'auc': 55.639417344173445, 'miou': 19.106380324958305, 'iou_class_0': 17.477141880068444, 'iou_class_1': 20.73561876984817}
[2026-09-18 04:30:27] [MFVLR_Train] [INFO] Training completed successfully.
============================================================
Huấn luyện hoàn tất lúc: Fri Sep 18 04:30:32 AM +07 2026
============================================================
